Archive member included because of file (symbol)

/Applications/Arduino.app/Contents/Resources/Java/hardware/tools/avr/bin/../lib/gcc/avr/4.3.2/avr35/libgcc.a(_exit.o)
                              /Applications/Arduino.app/Contents/Resources/Java/hardware/tools/avr/bin/../lib/gcc/avr/4.3.2/../../../../avr/lib/avr35/crtusb162.o (exit)
/Applications/Arduino.app/Contents/Resources/Java/hardware/tools/avr/bin/../lib/gcc/avr/4.3.2/avr35/libgcc.a(_copy_data.o)
                              Arduino-usbdfu.o (__do_copy_data)
/Applications/Arduino.app/Contents/Resources/Java/hardware/tools/avr/bin/../lib/gcc/avr/4.3.2/avr35/libgcc.a(_clear_bss.o)
                              Arduino-usbdfu.o (__do_clear_bss)

Allocating common symbols
Common symbol       size              file

USB_IsInitialized   0x1               ..//LUFA/Drivers/USB/HighLevel/USBTask.o
USB_CurrentlySelfPowered
                    0x1               ..//LUFA/Drivers/USB/HighLevel/DeviceStandardReq.o
USB_RemoteWakeupEnabled
                    0x1               ..//LUFA/Drivers/USB/HighLevel/DeviceStandardReq.o
SentCommand         0x8               Arduino-usbdfu.o
PulseMSRemaining    0x3               Arduino-usbdfu.o
USB_ControlRequest  0x8               ..//LUFA/Drivers/USB/HighLevel/USBTask.o
USB_ConfigurationNumber
                    0x1               ..//LUFA/Drivers/USB/HighLevel/DeviceStandardReq.o
ResponseByte        0x1               Arduino-usbdfu.o

Discarded input sections

 .data          0x00000000        0x0 /Applications/Arduino.app/Contents/Resources/Java/hardware/tools/avr/bin/../lib/gcc/avr/4.3.2/../../../../avr/lib/avr35/crtusb162.o
 .bss           0x00000000        0x0 /Applications/Arduino.app/Contents/Resources/Java/hardware/tools/avr/bin/../lib/gcc/avr/4.3.2/../../../../avr/lib/avr35/crtusb162.o
 .text          0x00000000        0x0 Arduino-usbdfu.o
 .text          0x00000000        0x0 Descriptors.o
 .bss           0x00000000        0x0 Descriptors.o
 .text          0x00000000        0x0 ..//LUFA/Drivers/USB/LowLevel/Device.o
 .data          0x00000000        0x0 ..//LUFA/Drivers/USB/LowLevel/Device.o
 .bss           0x00000000        0x0 ..//LUFA/Drivers/USB/LowLevel/Device.o
 .text.USB_Device_SendRemoteWakeup
                0x00000000        0x0 ..//LUFA/Drivers/USB/LowLevel/Device.o
 .text          0x00000000        0x0 ..//LUFA/Drivers/USB/LowLevel/Endpoint.o
 .data          0x00000000        0x0 ..//LUFA/Drivers/USB/LowLevel/Endpoint.o
 .bss           0x00000000        0x0 ..//LUFA/Drivers/USB/LowLevel/Endpoint.o
 .text.Endpoint_BytesToEPSizeMaskDynamic
                0x00000000        0x0 ..//LUFA/Drivers/USB/LowLevel/Endpoint.o
 .text.Endpoint_WaitUntilReady
                0x00000000        0x0 ..//LUFA/Drivers/USB/LowLevel/Endpoint.o
 .text.Endpoint_Discard_Stream
                0x00000000        0x0 ..//LUFA/Drivers/USB/LowLevel/Endpoint.o
 .text.Endpoint_Write_Stream_LE
                0x00000000        0x0 ..//LUFA/Drivers/USB/LowLevel/Endpoint.o
 .text.Endpoint_Write_PStream_LE
                0x00000000        0x0 ..//LUFA/Drivers/USB/LowLevel/Endpoint.o
 .text.Endpoint_Write_EStream_LE
                0x00000000        0x0 ..//LUFA/Drivers/USB/LowLevel/Endpoint.o
 .text.Endpoint_Write_Stream_BE
                0x00000000        0x0 ..//LUFA/Drivers/USB/LowLevel/Endpoint.o
 .text.Endpoint_Write_EStream_BE
                0x00000000        0x0 ..//LUFA/Drivers/USB/LowLevel/Endpoint.o
 .text.Endpoint_Write_PStream_BE
                0x00000000        0x0 ..//LUFA/Drivers/USB/LowLevel/Endpoint.o
 .text.Endpoint_Read_Stream_LE
                0x00000000        0x0 ..//LUFA/Drivers/USB/LowLevel/Endpoint.o
 .text.Endpoint_Read_Stream_BE
                0x00000000        0x0 ..//LUFA/Drivers/USB/LowLevel/Endpoint.o
 .text.Endpoint_Write_Control_Stream_LE
                0x00000000        0x0 ..//LUFA/Drivers/USB/LowLevel/Endpoint.o
 .text.Endpoint_Write_Control_EStream_LE
                0x00000000        0x0 ..//LUFA/Drivers/USB/LowLevel/Endpoint.o
 .text.Endpoint_Write_Control_Stream_BE
                0x00000000        0x0 ..//LUFA/Drivers/USB/LowLevel/Endpoint.o
 .text.Endpoint_Write_Control_PStream_BE
                0x00000000        0x0 ..//LUFA/Drivers/USB/LowLevel/Endpoint.o
 .text.Endpoint_Write_Control_EStream_BE
                0x00000000        0x0 ..//LUFA/Drivers/USB/LowLevel/Endpoint.o
 .text.Endpoint_Read_Control_Stream_LE
                0x00000000        0x0 ..//LUFA/Drivers/USB/LowLevel/Endpoint.o
 .text.Endpoint_Read_Control_Stream_BE
                0x00000000        0x0 ..//LUFA/Drivers/USB/LowLevel/Endpoint.o
 .text.Endpoint_Read_Control_EStream_BE
                0x00000000        0x0 ..//LUFA/Drivers/USB/LowLevel/Endpoint.o
 .text.Endpoint_Read_Control_EStream_LE
                0x00000000        0x0 ..//LUFA/Drivers/USB/LowLevel/Endpoint.o
 .text.Endpoint_Read_EStream_BE
                0x00000000        0x0 ..//LUFA/Drivers/USB/LowLevel/Endpoint.o
 .text.Endpoint_Read_EStream_LE
                0x00000000        0x0 ..//LUFA/Drivers/USB/LowLevel/Endpoint.o
 .text          0x00000000        0x0 ..//LUFA/Drivers/USB/LowLevel/Host.o
 .data          0x00000000        0x0 ..//LUFA/Drivers/USB/LowLevel/Host.o
 .bss           0x00000000        0x0 ..//LUFA/Drivers/USB/LowLevel/Host.o
 .text          0x00000000        0x0 ..//LUFA/Drivers/USB/LowLevel/Pipe.o
 .data          0x00000000        0x0 ..//LUFA/Drivers/USB/LowLevel/Pipe.o
 .bss           0x00000000        0x0 ..//LUFA/Drivers/USB/LowLevel/Pipe.o
 .text          0x00000000        0x0 ..//LUFA/Drivers/USB/LowLevel/USBController.o
 .data          0x00000000        0x0 ..//LUFA/Drivers/USB/LowLevel/USBController.o
 .bss           0x00000000        0x0 ..//LUFA/Drivers/USB/LowLevel/USBController.o
 .text          0x00000000        0x0 ..//LUFA/Drivers/USB/LowLevel/USBInterrupt.o
 .data          0x00000000        0x0 ..//LUFA/Drivers/USB/LowLevel/USBInterrupt.o
 .bss           0x00000000        0x0 ..//LUFA/Drivers/USB/LowLevel/USBInterrupt.o
 .text          0x00000000        0x0 ..//LUFA/Drivers/USB/HighLevel/ConfigDescriptor.o
 .data          0x00000000        0x0 ..//LUFA/Drivers/USB/HighLevel/ConfigDescriptor.o
 .bss           0x00000000        0x0 ..//LUFA/Drivers/USB/HighLevel/ConfigDescriptor.o
 .text.USB_GetNextDescriptorOfType
                0x00000000        0x0 ..//LUFA/Drivers/USB/HighLevel/ConfigDescriptor.o
 .text.USB_GetNextDescriptorOfTypeBefore
                0x00000000        0x0 ..//LUFA/Drivers/USB/HighLevel/ConfigDescriptor.o
 .text.USB_GetNextDescriptorOfTypeAfter
                0x00000000        0x0 ..//LUFA/Drivers/USB/HighLevel/ConfigDescriptor.o
 .text.USB_GetNextDescriptorComp
                0x00000000        0x0 ..//LUFA/Drivers/USB/HighLevel/ConfigDescriptor.o
 .text          0x00000000        0x0 ..//LUFA/Drivers/USB/HighLevel/DeviceStandardReq.o
 .data          0x00000000        0x0 ..//LUFA/Drivers/USB/HighLevel/DeviceStandardReq.o
 .bss           0x00000000        0x0 ..//LUFA/Drivers/USB/HighLevel/DeviceStandardReq.o
 .text          0x00000000        0x0 ..//LUFA/Drivers/USB/HighLevel/Events.o
 .data          0x00000000        0x0 ..//LUFA/Drivers/USB/HighLevel/Events.o
 .bss           0x00000000        0x0 ..//LUFA/Drivers/USB/HighLevel/Events.o
 .text          0x00000000        0x0 ..//LUFA/Drivers/USB/HighLevel/HostStandardReq.o
 .data          0x00000000        0x0 ..//LUFA/Drivers/USB/HighLevel/HostStandardReq.o
 .bss           0x00000000        0x0 ..//LUFA/Drivers/USB/HighLevel/HostStandardReq.o
 .text          0x00000000        0x0 ..//LUFA/Drivers/USB/HighLevel/USBTask.o
 .data          0x00000000        0x0 ..//LUFA/Drivers/USB/HighLevel/USBTask.o
 .bss           0x00000000        0x0 ..//LUFA/Drivers/USB/HighLevel/USBTask.o
 .text          0x00000000        0x0 ..//LUFA/Drivers/USB/Class/Host/HIDParser.o
 .data          0x00000000        0x0 ..//LUFA/Drivers/USB/Class/Host/HIDParser.o
 .bss           0x00000000        0x0 ..//LUFA/Drivers/USB/Class/Host/HIDParser.o
 .text          0x00000000        0x0 /Applications/Arduino.app/Contents/Resources/Java/hardware/tools/avr/bin/../lib/gcc/avr/4.3.2/avr35/libgcc.a(_exit.o)
 .data          0x00000000        0x0 /Applications/Arduino.app/Contents/Resources/Java/hardware/tools/avr/bin/../lib/gcc/avr/4.3.2/avr35/libgcc.a(_exit.o)
 .bss           0x00000000        0x0 /Applications/Arduino.app/Contents/Resources/Java/hardware/tools/avr/bin/../lib/gcc/avr/4.3.2/avr35/libgcc.a(_exit.o)
 .text.libgcc   0x00000000        0x0 /Applications/Arduino.app/Contents/Resources/Java/hardware/tools/avr/bin/../lib/gcc/avr/4.3.2/avr35/libgcc.a(_exit.o)
 .text          0x00000000        0x0 /Applications/Arduino.app/Contents/Resources/Java/hardware/tools/avr/bin/../lib/gcc/avr/4.3.2/avr35/libgcc.a(_copy_data.o)
 .data          0x00000000        0x0 /Applications/Arduino.app/Contents/Resources/Java/hardware/tools/avr/bin/../lib/gcc/avr/4.3.2/avr35/libgcc.a(_copy_data.o)
 .bss           0x00000000        0x0 /Applications/Arduino.app/Contents/Resources/Java/hardware/tools/avr/bin/../lib/gcc/avr/4.3.2/avr35/libgcc.a(_copy_data.o)
 .text.libgcc   0x00000000        0x0 /Applications/Arduino.app/Contents/Resources/Java/hardware/tools/avr/bin/../lib/gcc/avr/4.3.2/avr35/libgcc.a(_copy_data.o)
 .text          0x00000000        0x0 /Applications/Arduino.app/Contents/Resources/Java/hardware/tools/avr/bin/../lib/gcc/avr/4.3.2/avr35/libgcc.a(_clear_bss.o)
 .data          0x00000000        0x0 /Applications/Arduino.app/Contents/Resources/Java/hardware/tools/avr/bin/../lib/gcc/avr/4.3.2/avr35/libgcc.a(_clear_bss.o)
 .bss           0x00000000        0x0 /Applications/Arduino.app/Contents/Resources/Java/hardware/tools/avr/bin/../lib/gcc/avr/4.3.2/avr35/libgcc.a(_clear_bss.o)
 .text.libgcc   0x00000000        0x0 /Applications/Arduino.app/Contents/Resources/Java/hardware/tools/avr/bin/../lib/gcc/avr/4.3.2/avr35/libgcc.a(_clear_bss.o)

Memory Configuration

Name             Origin             Length             Attributes
text             0x00000000         0x00020000         xr
data             0x00800060         0x0000ffa0         rw !x
eeprom           0x00810000         0x00010000         rw !x
fuse             0x00820000         0x00000400         rw !x
lock             0x00830000         0x00000400         rw !x
signature        0x00840000         0x00000400         rw !x
*default*        0x00000000         0xffffffff

Linker script and memory map

Address of section .data set to 0x800100
LOAD /Applications/Arduino.app/Contents/Resources/Java/hardware/tools/avr/bin/../lib/gcc/avr/4.3.2/../../../../avr/lib/avr35/crtusb162.o
LOAD Arduino-usbdfu.o
LOAD Descriptors.o
LOAD ..//LUFA/Drivers/USB/LowLevel/Device.o
LOAD ..//LUFA/Drivers/USB/LowLevel/Endpoint.o
LOAD ..//LUFA/Drivers/USB/LowLevel/Host.o
LOAD ..//LUFA/Drivers/USB/LowLevel/Pipe.o
LOAD ..//LUFA/Drivers/USB/LowLevel/USBController.o
LOAD ..//LUFA/Drivers/USB/LowLevel/USBInterrupt.o
LOAD ..//LUFA/Drivers/USB/HighLevel/ConfigDescriptor.o
LOAD ..//LUFA/Drivers/USB/HighLevel/DeviceStandardReq.o
LOAD ..//LUFA/Drivers/USB/HighLevel/Events.o
LOAD ..//LUFA/Drivers/USB/HighLevel/HostStandardReq.o
LOAD ..//LUFA/Drivers/USB/HighLevel/USBTask.o
LOAD ..//LUFA/Drivers/USB/Class/Host/HIDParser.o
Address of section .text set to 0x1000
LOAD /Applications/Arduino.app/Contents/Resources/Java/hardware/tools/avr/bin/../lib/gcc/avr/4.3.2/../../../../avr/lib/avr35/libm.a
LOAD /Applications/Arduino.app/Contents/Resources/Java/hardware/tools/avr/bin/../lib/gcc/avr/4.3.2/avr35/libgcc.a
LOAD /Applications/Arduino.app/Contents/Resources/Java/hardware/tools/avr/bin/../lib/gcc/avr/4.3.2/../../../../avr/lib/avr35/libc.a
LOAD /Applications/Arduino.app/Contents/Resources/Java/hardware/tools/avr/bin/../lib/gcc/avr/4.3.2/avr35/libgcc.a

.hash
 *(.hash)

.dynsym
 *(.dynsym)

.dynstr
 *(.dynstr)

.gnu.version
 *(.gnu.version)

.gnu.version_d
 *(.gnu.version_d)

.gnu.version_r
 *(.gnu.version_r)

.rel.init
 *(.rel.init)

.rela.init
 *(.rela.init)

.rel.text
 *(.rel.text)
 *(.rel.text.*)
 *(.rel.gnu.linkonce.t*)

.rela.text
 *(.rela.text)
 *(.rela.text.*)
 *(.rela.gnu.linkonce.t*)

.rel.fini
 *(.rel.fini)

.rela.fini
 *(.rela.fini)

.rel.rodata
 *(.rel.rodata)
 *(.rel.rodata.*)
 *(.rel.gnu.linkonce.r*)

.rela.rodata
 *(.rela.rodata)
 *(.rela.rodata.*)
 *(.rela.gnu.linkonce.r*)

.rel.data
 *(.rel.data)
 *(.rel.data.*)
 *(.rel.gnu.linkonce.d*)

.rela.data
 *(.rela.data)
 *(.rela.data.*)
 *(.rela.gnu.linkonce.d*)

.rel.ctors
 *(.rel.ctors)

.rela.ctors
 *(.rela.ctors)

.rel.dtors
 *(.rel.dtors)

.rela.dtors
 *(.rela.dtors)

.rel.got
 *(.rel.got)

.rela.got
 *(.rela.got)

.rel.bss
 *(.rel.bss)

.rela.bss
 *(.rela.bss)

.rel.plt
 *(.rel.plt)

.rela.plt
 *(.rela.plt)

.text           0x00001000      0xde8
 *(.vectors)
 .vectors       0x00001000       0x74 /Applications/Arduino.app/Contents/Resources/Java/hardware/tools/avr/bin/../lib/gcc/avr/4.3.2/../../../../avr/lib/avr35/crtusb162.o
                0x00001000                __vectors
                0x00001000                __vector_default
 *(.vectors)
 *(.progmem.gcc*)
 *(.progmem*)
                0x00001074                . = ALIGN (0x2)
                0x00001074                __trampolines_start = .
 *(.trampolines)
 .trampolines   0x00001074        0x0 linker stubs
 *(.trampolines*)
                0x00001074                __trampolines_end = .
 *(.jumptables)
 *(.jumptables*)
 *(.lowtext)
 *(.lowtext*)
                0x00001074                __ctors_start = .
 *(.ctors)
                0x00001074                __ctors_end = .
                0x00001074                __dtors_start = .
 *(.dtors)
                0x00001074                __dtors_end = .
 SORT(*)(.ctors)
 SORT(*)(.dtors)
 *(.init0)
 .init0         0x00001074        0x0 /Applications/Arduino.app/Contents/Resources/Java/hardware/tools/avr/bin/../lib/gcc/avr/4.3.2/../../../../avr/lib/avr35/crtusb162.o
                0x00001074                __init
 *(.init0)
 *(.init1)
 *(.init1)
 *(.init2)
 .init2         0x00001074        0xc /Applications/Arduino.app/Contents/Resources/Java/hardware/tools/avr/bin/../lib/gcc/avr/4.3.2/../../../../avr/lib/avr35/crtusb162.o
 *(.init2)
 *(.init3)
 *(.init3)
 *(.init4)
 .init4         0x00001080       0x16 /Applications/Arduino.app/Contents/Resources/Java/hardware/tools/avr/bin/../lib/gcc/avr/4.3.2/avr35/libgcc.a(_copy_data.o)
                0x00001080                __do_copy_data
 .init4         0x00001096       0x10 /Applications/Arduino.app/Contents/Resources/Java/hardware/tools/avr/bin/../lib/gcc/avr/4.3.2/avr35/libgcc.a(_clear_bss.o)
                0x00001096                __do_clear_bss
 *(.init4)
 *(.init5)
 *(.init5)
 *(.init6)
 *(.init6)
 *(.init7)
 *(.init7)
 *(.init8)
 *(.init8)
 *(.init9)
 .init9         0x000010a6        0x4 /Applications/Arduino.app/Contents/Resources/Java/hardware/tools/avr/bin/../lib/gcc/avr/4.3.2/../../../../avr/lib/avr35/crtusb162.o
 *(.init9)
 *(.text)
 .text          0x000010aa        0x2 /Applications/Arduino.app/Contents/Resources/Java/hardware/tools/avr/bin/../lib/gcc/avr/4.3.2/../../../../avr/lib/avr35/crtusb162.o
                0x000010aa                __vector_22
                0x000010aa                __vector_28
                0x000010aa                __vector_1
                0x000010aa                __vector_24
                0x000010aa                __bad_interrupt
                0x000010aa                __vector_6
                0x000010aa                __vector_3
                0x000010aa                __vector_23
                0x000010aa                __vector_25
                0x000010aa                __vector_13
                0x000010aa                __vector_17
                0x000010aa                __vector_19
                0x000010aa                __vector_7
                0x000010aa                __vector_27
                0x000010aa                __vector_5
                0x000010aa                __vector_4
                0x000010aa                __vector_9
                0x000010aa                __vector_2
                0x000010aa                __vector_21
                0x000010aa                __vector_15
                0x000010aa                __vector_8
                0x000010aa                __vector_26
                0x000010aa                __vector_14
                0x000010aa                __vector_10
                0x000010aa                __vector_16
                0x000010aa                __vector_18
                0x000010aa                __vector_20
                0x000010ac                . = ALIGN (0x2)
 *(.text.*)
 .text.DiscardFillerBytes
                0x000010ac       0x34 Arduino-usbdfu.o
 .text.LoadStartEndAddresses
                0x000010e0       0x24 Arduino-usbdfu.o
 .text.ProcessBootloaderCommand
                0x00001104      0x1a0 Arduino-usbdfu.o
 .text.EVENT_USB_Device_UnhandledControlRequest
                0x000012a4      0x478 Arduino-usbdfu.o
                0x000012a4                EVENT_USB_Device_UnhandledControlRequest
 .text.ResetHardware
                0x0000171c        0xa Arduino-usbdfu.o
                0x0000171c                ResetHardware
 .text.SetupHardware
                0x00001726       0x2c Arduino-usbdfu.o
                0x00001726                SetupHardware
 .text.main     0x00001752       0x24 Arduino-usbdfu.o
                0x00001752                main
 .text.CALLBACK_USB_GetDescriptor
                0x00001776       0x52 Descriptors.o
                0x00001776                CALLBACK_USB_GetDescriptor
 .text.Endpoint_ConfigureEndpoint_Prv
                0x000017c8       0x26 ..//LUFA/Drivers/USB/LowLevel/Endpoint.o
                0x000017c8                Endpoint_ConfigureEndpoint_Prv
 .text.Endpoint_ClearEndpoints
                0x000017ee       0x28 ..//LUFA/Drivers/USB/LowLevel/Endpoint.o
                0x000017ee                Endpoint_ClearEndpoints
 .text.Endpoint_ClearStatusStage
                0x00001816       0x3e ..//LUFA/Drivers/USB/LowLevel/Endpoint.o
                0x00001816                Endpoint_ClearStatusStage
 .text.Endpoint_Write_Control_PStream_LE
                0x00001854       0xb6 ..//LUFA/Drivers/USB/LowLevel/Endpoint.o
                0x00001854                Endpoint_Write_Control_PStream_LE
 .text.USB_ResetInterface
                0x0000190a       0x7c ..//LUFA/Drivers/USB/LowLevel/USBController.o
                0x0000190a                USB_ResetInterface
 .text.USB_Init
                0x00001986        0xa ..//LUFA/Drivers/USB/LowLevel/USBController.o
                0x00001986                USB_Init
 .text.USB_ShutDown
                0x00001990       0x2c ..//LUFA/Drivers/USB/LowLevel/USBController.o
                0x00001990                USB_ShutDown
 .text.USB_INT_DisableAllInterrupts
                0x000019bc        0x6 ..//LUFA/Drivers/USB/LowLevel/USBInterrupt.o
                0x000019bc                USB_INT_DisableAllInterrupts
 .text.USB_INT_ClearAllInterrupts
                0x000019c2        0x6 ..//LUFA/Drivers/USB/LowLevel/USBInterrupt.o
                0x000019c2                USB_INT_ClearAllInterrupts
 .text.__vector_12
                0x000019c8       0x74 ..//LUFA/Drivers/USB/LowLevel/USBInterrupt.o
                0x000019c8                __vector_12
 .text.__vector_11
                0x00001a3c      0x14e ..//LUFA/Drivers/USB/LowLevel/USBInterrupt.o
                0x00001a3c                __vector_11
 .text.USB_Device_ProcessControlRequest
                0x00001b8a      0x234 ..//LUFA/Drivers/USB/HighLevel/DeviceStandardReq.o
                0x00001b8a                USB_Device_ProcessControlRequest
 .text.USB_Event_Stub
                0x00001dbe        0x2 ..//LUFA/Drivers/USB/HighLevel/Events.o
                0x00001dbe                EVENT_USB_Device_ConfigurationChanged
                0x00001dbe                EVENT_USB_Device_Connect
                0x00001dbe                EVENT_USB_Device_WakeUp
                0x00001dbe                USB_Event_Stub
                0x00001dbe                EVENT_USB_Device_Suspend
                0x00001dbe                EVENT_USB_Device_StartOfFrame
                0x00001dbe                EVENT_USB_Device_Disconnect
                0x00001dbe                EVENT_USB_Device_Reset
 .text.USB_USBTask
                0x00001dc0       0x24 ..//LUFA/Drivers/USB/HighLevel/USBTask.o
                0x00001dc0                USB_USBTask
                0x00001de4                . = ALIGN (0x2)
 *(.fini9)
 .fini9         0x00001de4        0x0 /Applications/Arduino.app/Contents/Resources/Java/hardware/tools/avr/bin/../lib/gcc/avr/4.3.2/avr35/libgcc.a(_exit.o)
                0x00001de4                exit
                0x00001de4                _exit
 *(.fini9)
 *(.fini8)
 *(.fini8)
 *(.fini7)
 *(.fini7)
 *(.fini6)
 *(.fini6)
 *(.fini5)
 *(.fini5)
 *(.fini4)
 *(.fini4)
 *(.fini3)
 *(.fini3)
 *(.fini2)
 *(.fini2)
 *(.fini1)
 *(.fini1)
 *(.fini0)
 .fini0         0x00001de4        0x4 /Applications/Arduino.app/Contents/Resources/Java/hardware/tools/avr/bin/../lib/gcc/avr/4.3.2/avr35/libgcc.a(_exit.o)
 *(.fini0)
                0x00001de8                _etext = .

.data           0x00800100       0x5c load address 0x00001de8
                0x00800100                PROVIDE (__data_start, .)
 *(.data)
 .data          0x00800100        0x8 Arduino-usbdfu.o
                0x00800101                DFU_State
                0x00800100                RunBootloader
 .data          0x00800108       0x53 Descriptors.o
                0x00800135                LanguageString
                0x00800108                DeviceDescriptor
                0x00800139                ProductString
                0x0080011a                ConfigurationDescriptor
 *(.data*)
 *(.rodata)
 *(.rodata*)
 *(.gnu.linkonce.d*)
                0x0080015c                . = ALIGN (0x2)
 *fill*         0x0080015b        0x1 00
                0x0080015c                _edata = .
                0x0080015c                PROVIDE (__data_end, .)

.bss            0x0080015c       0x21
                0x0080015c                PROVIDE (__bss_start, .)
 *(.bss)
 .bss           0x0080015c        0x9 Arduino-usbdfu.o
                0x00800163                EndAddr
                0x00800161                StartAddr
                0x0080015c                WaitForExit
                0x0080015d                DFU_Status
                0x00800160                Flash64KBPage
                0x0080015e                AppStartPtr
 *(.bss*)
 *(COMMON)
 COMMON         0x00800165        0xc Arduino-usbdfu.o
                0x00800165                SentCommand
                0x0080016d                PulseMSRemaining
                0x00800170                ResponseByte
 COMMON         0x00800171        0x3 ..//LUFA/Drivers/USB/HighLevel/DeviceStandardReq.o
                0x00800171                USB_CurrentlySelfPowered
                0x00800172                USB_RemoteWakeupEnabled
                0x00800173                USB_ConfigurationNumber
 COMMON         0x00800174        0x9 ..//LUFA/Drivers/USB/HighLevel/USBTask.o
                0x00800174                USB_IsInitialized
                0x00800175                USB_ControlRequest
                0x0080017d                PROVIDE (__bss_end, .)
                0x00001de8                __data_load_start = LOADADDR (.data)
                0x00001e44                __data_load_end = (__data_load_start + SIZEOF (.data))

.noinit         0x0080017d        0x0
                0x0080017d                PROVIDE (__noinit_start, .)
 *(.noinit*)
                0x0080017d                PROVIDE (__noinit_end, .)
                0x0080017d                _end = .
                0x0080017d                PROVIDE (__heap_start, .)

.eeprom         0x00810000        0x0
 *(.eeprom*)
                0x00810000                __eeprom_end = .

.fuse
 *(.fuse)
 *(.lfuse)
 *(.hfuse)
 *(.efuse)

.lock
 *(.lock*)

.signature
 *(.signature*)

.stab
 *(.stab)

.stabstr
 *(.stabstr)

.stab.excl
 *(.stab.excl)

.stab.exclstr
 *(.stab.exclstr)

.stab.index
 *(.stab.index)

.stab.indexstr
 *(.stab.indexstr)

.comment
 *(.comment)

.debug
 *(.debug)

.line
 *(.line)

.debug_srcinfo
 *(.debug_srcinfo)

.debug_sfnames
 *(.debug_sfnames)

.debug_aranges  0x00000000      0x278
 *(.debug_aranges)
 .debug_aranges
                0x00000000       0x50 Arduino-usbdfu.o
 .debug_aranges
                0x00000050       0x20 Descriptors.o
 .debug_aranges
                0x00000070       0x20 ..//LUFA/Drivers/USB/LowLevel/Device.o
 .debug_aranges
                0x00000090       0xe8 ..//LUFA/Drivers/USB/LowLevel/Endpoint.o
 .debug_aranges
                0x00000178       0x30 ..//LUFA/Drivers/USB/LowLevel/USBController.o
 .debug_aranges
                0x000001a8       0x38 ..//LUFA/Drivers/USB/LowLevel/USBInterrupt.o
 .debug_aranges
                0x000001e0       0x38 ..//LUFA/Drivers/USB/HighLevel/ConfigDescriptor.o
 .debug_aranges
                0x00000218       0x20 ..//LUFA/Drivers/USB/HighLevel/DeviceStandardReq.o
 .debug_aranges
                0x00000238       0x20 ..//LUFA/Drivers/USB/HighLevel/Events.o
 .debug_aranges
                0x00000258       0x20 ..//LUFA/Drivers/USB/HighLevel/USBTask.o

.debug_pubnames
                0x00000000      0x78f
 *(.debug_pubnames)
 .debug_pubnames
                0x00000000      0x11d Arduino-usbdfu.o
 .debug_pubnames
                0x0000011d       0x87 Descriptors.o
 .debug_pubnames
                0x000001a4       0x32 ..//LUFA/Drivers/USB/LowLevel/Device.o
 .debug_pubnames
                0x000001d6      0x365 ..//LUFA/Drivers/USB/LowLevel/Endpoint.o
 .debug_pubnames
                0x0000053b       0x47 ..//LUFA/Drivers/USB/LowLevel/USBController.o
 .debug_pubnames
                0x00000582       0x72 ..//LUFA/Drivers/USB/LowLevel/USBInterrupt.o
 .debug_pubnames
                0x000005f4       0x9b ..//LUFA/Drivers/USB/HighLevel/ConfigDescriptor.o
 .debug_pubnames
                0x0000068f       0x8c ..//LUFA/Drivers/USB/HighLevel/DeviceStandardReq.o
 .debug_pubnames
                0x0000071b       0x25 ..//LUFA/Drivers/USB/HighLevel/Events.o
 .debug_pubnames
                0x00000740       0x4f ..//LUFA/Drivers/USB/HighLevel/USBTask.o

.debug_info     0x00000000     0x3a52
 *(.debug_info)
 .debug_info    0x00000000      0xd1e Arduino-usbdfu.o
 .debug_info    0x00000d1e      0x499 Descriptors.o
 .debug_info    0x000011b7       0xc4 ..//LUFA/Drivers/USB/LowLevel/Device.o
 .debug_info    0x0000127b     0x1599 ..//LUFA/Drivers/USB/LowLevel/Endpoint.o
 .debug_info    0x00002814        0x0 ..//LUFA/Drivers/USB/LowLevel/Host.o
 .debug_info    0x00002814        0x0 ..//LUFA/Drivers/USB/LowLevel/Pipe.o
 .debug_info    0x00002814      0x245 ..//LUFA/Drivers/USB/LowLevel/USBController.o
 .debug_info    0x00002a59      0x357 ..//LUFA/Drivers/USB/LowLevel/USBInterrupt.o
 .debug_info    0x00002db0      0x349 ..//LUFA/Drivers/USB/HighLevel/ConfigDescriptor.o
 .debug_info    0x000030f9      0x6bf ..//LUFA/Drivers/USB/HighLevel/DeviceStandardReq.o
 .debug_info    0x000037b8       0x76 ..//LUFA/Drivers/USB/HighLevel/Events.o
 .debug_info    0x0000382e        0x0 ..//LUFA/Drivers/USB/HighLevel/HostStandardReq.o
 .debug_info    0x0000382e      0x224 ..//LUFA/Drivers/USB/HighLevel/USBTask.o
 .debug_info    0x00003a52        0x0 ..//LUFA/Drivers/USB/Class/Host/HIDParser.o
 *(.gnu.linkonce.wi.*)

.debug_abbrev   0x00000000      0xe49
 *(.debug_abbrev)
 .debug_abbrev  0x00000000      0x2f4 Arduino-usbdfu.o
 .debug_abbrev  0x000002f4      0x12a Descriptors.o
 .debug_abbrev  0x0000041e       0x79 ..//LUFA/Drivers/USB/LowLevel/Device.o
 .debug_abbrev  0x00000497      0x215 ..//LUFA/Drivers/USB/LowLevel/Endpoint.o
 .debug_abbrev  0x000006ac        0x1 ..//LUFA/Drivers/USB/LowLevel/Host.o
 .debug_abbrev  0x000006ad        0x1 ..//LUFA/Drivers/USB/LowLevel/Pipe.o
 .debug_abbrev  0x000006ae      0x124 ..//LUFA/Drivers/USB/LowLevel/USBController.o
 .debug_abbrev  0x000007d2      0x19d ..//LUFA/Drivers/USB/LowLevel/USBInterrupt.o
 .debug_abbrev  0x0000096f      0x15c ..//LUFA/Drivers/USB/HighLevel/ConfigDescriptor.o
 .debug_abbrev  0x00000acb      0x1de ..//LUFA/Drivers/USB/HighLevel/DeviceStandardReq.o
 .debug_abbrev  0x00000ca9       0x41 ..//LUFA/Drivers/USB/HighLevel/Events.o
 .debug_abbrev  0x00000cea        0x1 ..//LUFA/Drivers/USB/HighLevel/HostStandardReq.o
 .debug_abbrev  0x00000ceb      0x15d ..//LUFA/Drivers/USB/HighLevel/USBTask.o
 .debug_abbrev  0x00000e48        0x1 ..//LUFA/Drivers/USB/Class/Host/HIDParser.o

.debug_line     0x00000000     0x36cd
 *(.debug_line)
 .debug_line    0x00000000      0xaa1 Arduino-usbdfu.o
 .debug_line    0x00000aa1      0x1e5 Descriptors.o
 .debug_line    0x00000c86       0xdc ..//LUFA/Drivers/USB/LowLevel/Device.o
 .debug_line    0x00000d62     0x1762 ..//LUFA/Drivers/USB/LowLevel/Endpoint.o
 .debug_line    0x000024c4       0x24 ..//LUFA/Drivers/USB/LowLevel/Host.o
 .debug_line    0x000024e8       0x24 ..//LUFA/Drivers/USB/LowLevel/Pipe.o
 .debug_line    0x0000250c      0x328 ..//LUFA/Drivers/USB/LowLevel/USBController.o
 .debug_line    0x00002834      0x47a ..//LUFA/Drivers/USB/LowLevel/USBInterrupt.o
 .debug_line    0x00002cae      0x2b2 ..//LUFA/Drivers/USB/HighLevel/ConfigDescriptor.o
 .debug_line    0x00002f60      0x486 ..//LUFA/Drivers/USB/HighLevel/DeviceStandardReq.o
 .debug_line    0x000033e6       0x86 ..//LUFA/Drivers/USB/HighLevel/Events.o
 .debug_line    0x0000346c       0x24 ..//LUFA/Drivers/USB/HighLevel/HostStandardReq.o
 .debug_line    0x00003490      0x219 ..//LUFA/Drivers/USB/HighLevel/USBTask.o
 .debug_line    0x000036a9       0x24 ..//LUFA/Drivers/USB/Class/Host/HIDParser.o

.debug_frame    0x00000000      0x3b0
 *(.debug_frame)
 .debug_frame   0x00000000       0x80 Arduino-usbdfu.o
 .debug_frame   0x00000080       0x20 Descriptors.o
 .debug_frame   0x000000a0       0x20 ..//LUFA/Drivers/USB/LowLevel/Device.o
 .debug_frame   0x000000c0      0x1b0 ..//LUFA/Drivers/USB/LowLevel/Endpoint.o
 .debug_frame   0x00000270       0x40 ..//LUFA/Drivers/USB/LowLevel/USBController.o
 .debug_frame   0x000002b0       0x50 ..//LUFA/Drivers/USB/LowLevel/USBInterrupt.o
 .debug_frame   0x00000300       0x50 ..//LUFA/Drivers/USB/HighLevel/ConfigDescriptor.o
 .debug_frame   0x00000350       0x20 ..//LUFA/Drivers/USB/HighLevel/DeviceStandardReq.o
 .debug_frame   0x00000370       0x20 ..//LUFA/Drivers/USB/HighLevel/Events.o
 .debug_frame   0x00000390       0x20 ..//LUFA/Drivers/USB/HighLevel/USBTask.o

.debug_str      0x00000000     0x197b
 *(.debug_str)
 .debug_str     0x00000000      0x68f Arduino-usbdfu.o
                                0x6e3 (size before relaxing)
 .debug_str     0x0000068f      0x3c8 Descriptors.o
                                0x4ca (size before relaxing)
 .debug_str     0x00000a57       0xa4 ..//LUFA/Drivers/USB/LowLevel/Device.o
                                0x11d (size before relaxing)
 .debug_str     0x00000afb      0x70c ..//LUFA/Drivers/USB/LowLevel/Endpoint.o
                                0x9b6 (size before relaxing)
 .debug_str     0x00001207      0x11c ..//LUFA/Drivers/USB/LowLevel/USBController.o
                                0x29a (size before relaxing)
 .debug_str     0x00001323      0x10e ..//LUFA/Drivers/USB/LowLevel/USBInterrupt.o
                                0x32f (size before relaxing)
 .debug_str     0x00001431      0x21f ..//LUFA/Drivers/USB/HighLevel/ConfigDescriptor.o
                                0x2f5 (size before relaxing)
 .debug_str     0x00001650      0x2a3 ..//LUFA/Drivers/USB/HighLevel/DeviceStandardReq.o
                                0x5a6 (size before relaxing)
 .debug_str     0x000018f3       0x37 ..//LUFA/Drivers/USB/HighLevel/Events.o
                                 0xdf (size before relaxing)
 .debug_str     0x0000192a       0x51 ..//LUFA/Drivers/USB/HighLevel/USBTask.o
                                0x26f (size before relaxing)

.debug_loc      0x00000000     0x1f34
 *(.debug_loc)
 .debug_loc     0x00000000      0x496 Arduino-usbdfu.o
 .debug_loc     0x00000496      0x130 Descriptors.o
 .debug_loc     0x000005c6     0x1520 ..//LUFA/Drivers/USB/LowLevel/Endpoint.o
 .debug_loc     0x00001ae6       0x13 ..//LUFA/Drivers/USB/LowLevel/USBController.o
 .debug_loc     0x00001af9       0x13 ..//LUFA/Drivers/USB/LowLevel/USBInterrupt.o
 .debug_loc     0x00001b0c      0x26d ..//LUFA/Drivers/USB/HighLevel/ConfigDescriptor.o
 .debug_loc     0x00001d79      0x1bb ..//LUFA/Drivers/USB/HighLevel/DeviceStandardReq.o

.debug_macinfo
 *(.debug_macinfo)
OUTPUT(Arduino-usbdfu.elf elf32-avr)
LOAD linker stubs

.debug_ranges   0x00000000      0x2c0
 .debug_ranges  0x00000000       0x68 Arduino-usbdfu.o
 .debug_ranges  0x00000068       0x18 Descriptors.o
 .debug_ranges  0x00000080       0x18 ..//LUFA/Drivers/USB/LowLevel/Device.o
 .debug_ranges  0x00000098      0x140 ..//LUFA/Drivers/USB/LowLevel/Endpoint.o
 .debug_ranges  0x000001d8       0x28 ..//LUFA/Drivers/USB/LowLevel/USBController.o
 .debug_ranges  0x00000200       0x30 ..//LUFA/Drivers/USB/LowLevel/USBInterrupt.o
 .debug_ranges  0x00000230       0x30 ..//LUFA/Drivers/USB/HighLevel/ConfigDescriptor.o
 .debug_ranges  0x00000260       0x18 ..//LUFA/Drivers/USB/HighLevel/DeviceStandardReq.o
 .debug_ranges  0x00000278       0x18 ..//LUFA/Drivers/USB/HighLevel/Events.o
 .debug_ranges  0x00000290       0x30 ..//LUFA/Drivers/USB/HighLevel/USBTask.o

Cross Reference Table

Symbol                                            File
AppStartPtr                                       Arduino-usbdfu.o
CALLBACK_USB_GetDescriptor                        Descriptors.o
                                                  ..//LUFA/Drivers/USB/HighLevel/DeviceStandardReq.o
ConfigurationDescriptor                           Descriptors.o
DFU_State                                         Arduino-usbdfu.o
DFU_Status                                        Arduino-usbdfu.o
DeviceDescriptor                                  Descriptors.o
EVENT_USB_Device_ConfigurationChanged             ..//LUFA/Drivers/USB/HighLevel/Events.o
                                                  ..//LUFA/Drivers/USB/HighLevel/DeviceStandardReq.o
EVENT_USB_Device_Connect                          ..//LUFA/Drivers/USB/HighLevel/Events.o
                                                  ..//LUFA/Drivers/USB/LowLevel/USBInterrupt.o
EVENT_USB_Device_Disconnect                       ..//LUFA/Drivers/USB/HighLevel/Events.o
                                                  ..//LUFA/Drivers/USB/LowLevel/USBInterrupt.o
EVENT_USB_Device_Reset                            ..//LUFA/Drivers/USB/HighLevel/Events.o
                                                  ..//LUFA/Drivers/USB/LowLevel/USBInterrupt.o
EVENT_USB_Device_StartOfFrame                     ..//LUFA/Drivers/USB/HighLevel/Events.o
                                                  ..//LUFA/Drivers/USB/LowLevel/USBInterrupt.o
EVENT_USB_Device_Suspend                          ..//LUFA/Drivers/USB/HighLevel/Events.o
EVENT_USB_Device_UnhandledControlRequest          Arduino-usbdfu.o
                                                  ..//LUFA/Drivers/USB/HighLevel/DeviceStandardReq.o
EVENT_USB_Device_WakeUp                           ..//LUFA/Drivers/USB/HighLevel/Events.o
EndAddr                                           Arduino-usbdfu.o
Endpoint_BytesToEPSizeMaskDynamic                 ..//LUFA/Drivers/USB/LowLevel/Endpoint.o
Endpoint_ClearEndpoints                           ..//LUFA/Drivers/USB/LowLevel/Endpoint.o
                                                  ..//LUFA/Drivers/USB/LowLevel/USBInterrupt.o
Endpoint_ClearStatusStage                         ..//LUFA/Drivers/USB/LowLevel/Endpoint.o
                                                  ..//LUFA/Drivers/USB/HighLevel/DeviceStandardReq.o
                                                  Arduino-usbdfu.o
Endpoint_ConfigureEndpoint_Prv                    ..//LUFA/Drivers/USB/LowLevel/Endpoint.o
                                                  ..//LUFA/Drivers/USB/LowLevel/USBInterrupt.o
Endpoint_Discard_Stream                           ..//LUFA/Drivers/USB/LowLevel/Endpoint.o
Endpoint_Read_Control_EStream_BE                  ..//LUFA/Drivers/USB/LowLevel/Endpoint.o
Endpoint_Read_Control_EStream_LE                  ..//LUFA/Drivers/USB/LowLevel/Endpoint.o
Endpoint_Read_Control_Stream_BE                   ..//LUFA/Drivers/USB/LowLevel/Endpoint.o
Endpoint_Read_Control_Stream_LE                   ..//LUFA/Drivers/USB/LowLevel/Endpoint.o
Endpoint_Read_EStream_BE                          ..//LUFA/Drivers/USB/LowLevel/Endpoint.o
Endpoint_Read_EStream_LE                          ..//LUFA/Drivers/USB/LowLevel/Endpoint.o
Endpoint_Read_Stream_BE                           ..//LUFA/Drivers/USB/LowLevel/Endpoint.o
Endpoint_Read_Stream_LE                           ..//LUFA/Drivers/USB/LowLevel/Endpoint.o
Endpoint_WaitUntilReady                           ..//LUFA/Drivers/USB/LowLevel/Endpoint.o
Endpoint_Write_Control_EStream_BE                 ..//LUFA/Drivers/USB/LowLevel/Endpoint.o
Endpoint_Write_Control_EStream_LE                 ..//LUFA/Drivers/USB/LowLevel/Endpoint.o
Endpoint_Write_Control_PStream_BE                 ..//LUFA/Drivers/USB/LowLevel/Endpoint.o
Endpoint_Write_Control_PStream_LE                 ..//LUFA/Drivers/USB/LowLevel/Endpoint.o
                                                  ..//LUFA/Drivers/USB/HighLevel/DeviceStandardReq.o
Endpoint_Write_Control_Stream_BE                  ..//LUFA/Drivers/USB/LowLevel/Endpoint.o
Endpoint_Write_Control_Stream_LE                  ..//LUFA/Drivers/USB/LowLevel/Endpoint.o
Endpoint_Write_EStream_BE                         ..//LUFA/Drivers/USB/LowLevel/Endpoint.o
Endpoint_Write_EStream_LE                         ..//LUFA/Drivers/USB/LowLevel/Endpoint.o
Endpoint_Write_PStream_BE                         ..//LUFA/Drivers/USB/LowLevel/Endpoint.o
Endpoint_Write_PStream_LE                         ..//LUFA/Drivers/USB/LowLevel/Endpoint.o
Endpoint_Write_Stream_BE                          ..//LUFA/Drivers/USB/LowLevel/Endpoint.o
Endpoint_Write_Stream_LE                          ..//LUFA/Drivers/USB/LowLevel/Endpoint.o
Flash64KBPage                                     Arduino-usbdfu.o
LanguageString                                    Descriptors.o
ProductString                                     Descriptors.o
PulseMSRemaining                                  Arduino-usbdfu.o
ResetHardware                                     Arduino-usbdfu.o
ResponseByte                                      Arduino-usbdfu.o
RunBootloader                                     Arduino-usbdfu.o
SentCommand                                       Arduino-usbdfu.o
SetupHardware                                     Arduino-usbdfu.o
StartAddr                                         Arduino-usbdfu.o
USB_ConfigurationNumber                           ..//LUFA/Drivers/USB/HighLevel/DeviceStandardReq.o
                                                  ..//LUFA/Drivers/USB/LowLevel/USBInterrupt.o
                                                  ..//LUFA/Drivers/USB/LowLevel/USBController.o
USB_ControlRequest                                ..//LUFA/Drivers/USB/HighLevel/USBTask.o
                                                  ..//LUFA/Drivers/USB/HighLevel/DeviceStandardReq.o
                                                  ..//LUFA/Drivers/USB/LowLevel/Endpoint.o
                                                  Arduino-usbdfu.o
USB_CurrentlySelfPowered                          ..//LUFA/Drivers/USB/HighLevel/DeviceStandardReq.o
                                                  ..//LUFA/Drivers/USB/LowLevel/USBController.o
USB_Device_ProcessControlRequest                  ..//LUFA/Drivers/USB/HighLevel/DeviceStandardReq.o
                                                  ..//LUFA/Drivers/USB/HighLevel/USBTask.o
                                                  ..//LUFA/Drivers/USB/LowLevel/USBInterrupt.o
USB_Device_SendRemoteWakeup                       ..//LUFA/Drivers/USB/LowLevel/Device.o
USB_Event_Stub                                    ..//LUFA/Drivers/USB/HighLevel/Events.o
USB_GetNextDescriptorComp                         ..//LUFA/Drivers/USB/HighLevel/ConfigDescriptor.o
USB_GetNextDescriptorOfType                       ..//LUFA/Drivers/USB/HighLevel/ConfigDescriptor.o
USB_GetNextDescriptorOfTypeAfter                  ..//LUFA/Drivers/USB/HighLevel/ConfigDescriptor.o
USB_GetNextDescriptorOfTypeBefore                 ..//LUFA/Drivers/USB/HighLevel/ConfigDescriptor.o
USB_INT_ClearAllInterrupts                        ..//LUFA/Drivers/USB/LowLevel/USBInterrupt.o
                                                  ..//LUFA/Drivers/USB/LowLevel/USBController.o
USB_INT_DisableAllInterrupts                      ..//LUFA/Drivers/USB/LowLevel/USBInterrupt.o
                                                  ..//LUFA/Drivers/USB/LowLevel/USBController.o
USB_Init                                          ..//LUFA/Drivers/USB/LowLevel/USBController.o
                                                  Arduino-usbdfu.o
USB_IsInitialized                                 ..//LUFA/Drivers/USB/HighLevel/USBTask.o
                                                  ..//LUFA/Drivers/USB/LowLevel/USBController.o
USB_RemoteWakeupEnabled                           ..//LUFA/Drivers/USB/HighLevel/DeviceStandardReq.o
                                                  ..//LUFA/Drivers/USB/LowLevel/USBController.o
USB_ResetInterface                                ..//LUFA/Drivers/USB/LowLevel/USBController.o
USB_ShutDown                                      ..//LUFA/Drivers/USB/LowLevel/USBController.o
                                                  Arduino-usbdfu.o
USB_USBTask                                       ..//LUFA/Drivers/USB/HighLevel/USBTask.o
                                                  Arduino-usbdfu.o
WaitForExit                                       Arduino-usbdfu.o
__bad_interrupt                                   /Applications/Arduino.app/Contents/Resources/Java/hardware/tools/avr/bin/../lib/gcc/avr/4.3.2/../../../../avr/lib/avr35/crtusb162.o
__bss_end                                         /Applications/Arduino.app/Contents/Resources/Java/hardware/tools/avr/bin/../lib/gcc/avr/4.3.2/avr35/libgcc.a(_clear_bss.o)
__bss_start                                       /Applications/Arduino.app/Contents/Resources/Java/hardware/tools/avr/bin/../lib/gcc/avr/4.3.2/avr35/libgcc.a(_clear_bss.o)
__data_end                                        /Applications/Arduino.app/Contents/Resources/Java/hardware/tools/avr/bin/../lib/gcc/avr/4.3.2/avr35/libgcc.a(_copy_data.o)
__data_load_start                                 /Applications/Arduino.app/Contents/Resources/Java/hardware/tools/avr/bin/../lib/gcc/avr/4.3.2/avr35/libgcc.a(_copy_data.o)
__data_start                                      /Applications/Arduino.app/Contents/Resources/Java/hardware/tools/avr/bin/../lib/gcc/avr/4.3.2/avr35/libgcc.a(_copy_data.o)
__do_clear_bss                                    /Applications/Arduino.app/Contents/Resources/Java/hardware/tools/avr/bin/../lib/gcc/avr/4.3.2/avr35/libgcc.a(_clear_bss.o)
                                                  ..//LUFA/Drivers/USB/Class/Host/HIDParser.o
                                                  ..//LUFA/Drivers/USB/HighLevel/USBTask.o
                                                  ..//LUFA/Drivers/USB/HighLevel/HostStandardReq.o
                                                  ..//LUFA/Drivers/USB/HighLevel/Events.o
                                                  ..//LUFA/Drivers/USB/HighLevel/DeviceStandardReq.o
                                                  ..//LUFA/Drivers/USB/HighLevel/ConfigDescriptor.o
                                                  ..//LUFA/Drivers/USB/LowLevel/USBInterrupt.o
                                                  ..//LUFA/Drivers/USB/LowLevel/USBController.o
                                                  ..//LUFA/Drivers/USB/LowLevel/Pipe.o
                                                  ..//LUFA/Drivers/USB/LowLevel/Host.o
                                                  ..//LUFA/Drivers/USB/LowLevel/Endpoint.o
                                                  ..//LUFA/Drivers/USB/LowLevel/Device.o
                                                  Descriptors.o
                                                  Arduino-usbdfu.o
__do_copy_data                                    /Applications/Arduino.app/Contents/Resources/Java/hardware/tools/avr/bin/../lib/gcc/avr/4.3.2/avr35/libgcc.a(_copy_data.o)
                                                  ..//LUFA/Drivers/USB/Class/Host/HIDParser.o
                                                  ..//LUFA/Drivers/USB/HighLevel/USBTask.o
                                                  ..//LUFA/Drivers/USB/HighLevel/HostStandardReq.o
                                                  ..//LUFA/Drivers/USB/HighLevel/Events.o
                                                  ..//LUFA/Drivers/USB/HighLevel/DeviceStandardReq.o
                                                  ..//LUFA/Drivers/USB/HighLevel/ConfigDescriptor.o
                                                  ..//LUFA/Drivers/USB/LowLevel/USBInterrupt.o
                                                  ..//LUFA/Drivers/USB/LowLevel/USBController.o
                                                  ..//LUFA/Drivers/USB/LowLevel/Pipe.o
                                                  ..//LUFA/Drivers/USB/LowLevel/Host.o
                                                  ..//LUFA/Drivers/USB/LowLevel/Endpoint.o
                                                  ..//LUFA/Drivers/USB/LowLevel/Device.o
                                                  Descriptors.o
                                                  Arduino-usbdfu.o
__heap_end                                        /Applications/Arduino.app/Contents/Resources/Java/hardware/tools/avr/bin/../lib/gcc/avr/4.3.2/../../../../avr/lib/avr35/crtusb162.o
__init                                            /Applications/Arduino.app/Contents/Resources/Java/hardware/tools/avr/bin/../lib/gcc/avr/4.3.2/../../../../avr/lib/avr35/crtusb162.o
__stack                                           /Applications/Arduino.app/Contents/Resources/Java/hardware/tools/avr/bin/../lib/gcc/avr/4.3.2/../../../../avr/lib/avr35/crtusb162.o
__vector_1                                        /Applications/Arduino.app/Contents/Resources/Java/hardware/tools/avr/bin/../lib/gcc/avr/4.3.2/../../../../avr/lib/avr35/crtusb162.o
__vector_10                                       /Applications/Arduino.app/Contents/Resources/Java/hardware/tools/avr/bin/../lib/gcc/avr/4.3.2/../../../../avr/lib/avr35/crtusb162.o
__vector_11                                       ..//LUFA/Drivers/USB/LowLevel/USBInterrupt.o
                                                  /Applications/Arduino.app/Contents/Resources/Java/hardware/tools/avr/bin/../lib/gcc/avr/4.3.2/../../../../avr/lib/avr35/crtusb162.o
__vector_12                                       ..//LUFA/Drivers/USB/LowLevel/USBInterrupt.o
                                                  /Applications/Arduino.app/Contents/Resources/Java/hardware/tools/avr/bin/../lib/gcc/avr/4.3.2/../../../../avr/lib/avr35/crtusb162.o
__vector_13                                       /Applications/Arduino.app/Contents/Resources/Java/hardware/tools/avr/bin/../lib/gcc/avr/4.3.2/../../../../avr/lib/avr35/crtusb162.o
__vector_14                                       /Applications/Arduino.app/Contents/Resources/Java/hardware/tools/avr/bin/../lib/gcc/avr/4.3.2/../../../../avr/lib/avr35/crtusb162.o
__vector_15                                       /Applications/Arduino.app/Contents/Resources/Java/hardware/tools/avr/bin/../lib/gcc/avr/4.3.2/../../../../avr/lib/avr35/crtusb162.o
__vector_16                                       /Applications/Arduino.app/Contents/Resources/Java/hardware/tools/avr/bin/../lib/gcc/avr/4.3.2/../../../../avr/lib/avr35/crtusb162.o
__vector_17                                       /Applications/Arduino.app/Contents/Resources/Java/hardware/tools/avr/bin/../lib/gcc/avr/4.3.2/../../../../avr/lib/avr35/crtusb162.o
__vector_18                                       /Applications/Arduino.app/Contents/Resources/Java/hardware/tools/avr/bin/../lib/gcc/avr/4.3.2/../../../../avr/lib/avr35/crtusb162.o
__vector_19                                       /Applications/Arduino.app/Contents/Resources/Java/hardware/tools/avr/bin/../lib/gcc/avr/4.3.2/../../../../avr/lib/avr35/crtusb162.o
__vector_2                                        /Applications/Arduino.app/Contents/Resources/Java/hardware/tools/avr/bin/../lib/gcc/avr/4.3.2/../../../../avr/lib/avr35/crtusb162.o
__vector_20                                       /Applications/Arduino.app/Contents/Resources/Java/hardware/tools/avr/bin/../lib/gcc/avr/4.3.2/../../../../avr/lib/avr35/crtusb162.o
__vector_21                                       /Applications/Arduino.app/Contents/Resources/Java/hardware/tools/avr/bin/../lib/gcc/avr/4.3.2/../../../../avr/lib/avr35/crtusb162.o
__vector_22                                       /Applications/Arduino.app/Contents/Resources/Java/hardware/tools/avr/bin/../lib/gcc/avr/4.3.2/../../../../avr/lib/avr35/crtusb162.o
__vector_23                                       /Applications/Arduino.app/Contents/Resources/Java/hardware/tools/avr/bin/../lib/gcc/avr/4.3.2/../../../../avr/lib/avr35/crtusb162.o
__vector_24                                       /Applications/Arduino.app/Contents/Resources/Java/hardware/tools/avr/bin/../lib/gcc/avr/4.3.2/../../../../avr/lib/avr35/crtusb162.o
__vector_25                                       /Applications/Arduino.app/Contents/Resources/Java/hardware/tools/avr/bin/../lib/gcc/avr/4.3.2/../../../../avr/lib/avr35/crtusb162.o
__vector_26                                       /Applications/Arduino.app/Contents/Resources/Java/hardware/tools/avr/bin/../lib/gcc/avr/4.3.2/../../../../avr/lib/avr35/crtusb162.o
__vector_27                                       /Applications/Arduino.app/Contents/Resources/Java/hardware/tools/avr/bin/../lib/gcc/avr/4.3.2/../../../../avr/lib/avr35/crtusb162.o
__vector_28                                       /Applications/Arduino.app/Contents/Resources/Java/hardware/tools/avr/bin/../lib/gcc/avr/4.3.2/../../../../avr/lib/avr35/crtusb162.o
__vector_3                                        /Applications/Arduino.app/Contents/Resources/Java/hardware/tools/avr/bin/../lib/gcc/avr/4.3.2/../../../../avr/lib/avr35/crtusb162.o
__vector_4                                        /Applications/Arduino.app/Contents/Resources/Java/hardware/tools/avr/bin/../lib/gcc/avr/4.3.2/../../../../avr/lib/avr35/crtusb162.o
__vector_5                                        /Applications/Arduino.app/Contents/Resources/Java/hardware/tools/avr/bin/../lib/gcc/avr/4.3.2/../../../../avr/lib/avr35/crtusb162.o
__vector_6                                        /Applications/Arduino.app/Contents/Resources/Java/hardware/tools/avr/bin/../lib/gcc/avr/4.3.2/../../../../avr/lib/avr35/crtusb162.o
__vector_7                                        /Applications/Arduino.app/Contents/Resources/Java/hardware/tools/avr/bin/../lib/gcc/avr/4.3.2/../../../../avr/lib/avr35/crtusb162.o
__vector_8                                        /Applications/Arduino.app/Contents/Resources/Java/hardware/tools/avr/bin/../lib/gcc/avr/4.3.2/../../../../avr/lib/avr35/crtusb162.o
__vector_9                                        /Applications/Arduino.app/Contents/Resources/Java/hardware/tools/avr/bin/../lib/gcc/avr/4.3.2/../../../../avr/lib/avr35/crtusb162.o
__vector_default                                  /Applications/Arduino.app/Contents/Resources/Java/hardware/tools/avr/bin/../lib/gcc/avr/4.3.2/../../../../avr/lib/avr35/crtusb162.o
__vectors                                         /Applications/Arduino.app/Contents/Resources/Java/hardware/tools/avr/bin/../lib/gcc/avr/4.3.2/../../../../avr/lib/avr35/crtusb162.o
_exit                                             /Applications/Arduino.app/Contents/Resources/Java/hardware/tools/avr/bin/../lib/gcc/avr/4.3.2/avr35/libgcc.a(_exit.o)
eeprom_update_byte                                ..//LUFA/Drivers/USB/LowLevel/Endpoint.o
exit                                              /Applications/Arduino.app/Contents/Resources/Java/hardware/tools/avr/bin/../lib/gcc/avr/4.3.2/avr35/libgcc.a(_exit.o)
                                                  /Applications/Arduino.app/Contents/Resources/Java/hardware/tools/avr/bin/../lib/gcc/avr/4.3.2/../../../../avr/lib/avr35/crtusb162.o
main                                              Arduino-usbdfu.o
                                                  /Applications/Arduino.app/Contents/Resources/Java/hardware/tools/avr/bin/../lib/gcc/avr/4.3.2/../../../../avr/lib/avr35/crtusb162.o
